Request: a 4096
===========================
M 4096
Number of block: 1
===========================
Request: a 128
===========================
M 4096
M 128
Number of block: 2
===========================
Request: r 0 4096
===========================
M 4096
M 128
Number of block: 2
===========================
Request: a 128
===========================
M 4096
M 128
M 128
Number of block: 3
===========================
Request: f 1
===========================
M 4096
F 128
M 128
Number of block: 3
===========================
Request: r 0 4129
===========================
F 4256
M 128
M 4160
Number of block: 3
===========================
Request: a 128
===========================
M 128
F 4096
M 128
M 4160
Number of block: 4
===========================
Request: f 2
===========================
M 128
F 4256
M 4160
Number of block: 3
===========================
Request: r 0 4162
===========================
M 128
M 4192
F 4224
Number of block: 3
===========================
Request: a 128
===========================
M 128
M 4192
M 128
F 4064
Number of block: 4
===========================
Request: f 3
===========================
F 128
M 4192
M 128
F 4064
Number of block: 4
===========================
Request: r 0 4195
===========================
F 4352
M 128
M 4224
F 4064
Number of block: 4
===========================
Request: a 128
===========================
F 4352
M 128
M 4224
M 128
F 3904
Number of block: 5
===========================
Request: f 4
===========================
F 4512
M 4224
M 128
F 3904
Number of block: 4
===========================
Request: r 0 4228
===========================
M 4256
F 4480
M 128
F 3904
Number of block: 4
===========================
Request: a 32
===========================
M 4256
F 4480
M 128
M 32
F 3840
Number of block: 5
===========================
Request: f 5
===========================
M 4256
F 4640
M 32
F 3840
Number of block: 4
===========================
