Request: a 4072
===========================
M 4096
Number of block: 1
===========================
Request: a 4072
===========================
M 4096
M 4096
Number of block: 2
===========================
Request: a 2070
===========================
M 4096
M 4096
M 2080
Number of block: 3
===========================
Request: a 4072
===========================
M 4096
M 4096
M 2080
M 4096
Number of block: 4
===========================
Request: f 0
===========================
F 4096
M 4096
M 2080
M 4096
Number of block: 4
===========================
Request: f 2
===========================
F 4096
M 4096
F 2080
M 4096
Number of block: 4
===========================
Request: a 2070
===========================
M 2080
F 1984
M 4096
F 2080
M 4096
Number of block: 5
===========================
Request: a 2070
===========================
M 2080
F 1984
M 4096
M 2080
M 4096
Number of block: 5
===========================
Request: a 48
===========================
M 2080
M 64
F 1888
M 4096
M 2080
M 4096
Number of block: 6
===========================
Request: f 1
===========================
M 2080
M 64
F 6016
M 2080
M 4096
Number of block: 5
===========================
